  Determining projects to restore...
  All projects are up-to-date for restore.
  ImsPosSystem.Domain -> C:\Users\HAGER\.gemini\antigravity\scratch\ImsPosSystem\ImsPosSystem.Domain\bin\Debug\net9.0\ImsPosSystem.Domain.dll
  ImsPosSystem.Application -> C:\Users\HAGER\.gemini\antigravity\scratch\ImsPosSystem\ImsPosSystem.Application\bin\Debug\net9.0\ImsPosSystem.Application.dll
  ImsPosSystem.Infrastructure -> C:\Users\HAGER\.gemini\antigravity\scratch\ImsPosSystem\ImsPosSystem.Infrastructure\bin\Debug\net9.0\ImsPosSystem.Infrastructure.dll
  ImsPosSystem.Api -> C:\Users\HAGER\.gemini\antigravity\scratch\ImsPosSystem\ImsPosSystem.Api\bin\Debug\net9.0\ImsPosSystem.Api.dll

Build succeeded.
    0 Warning(s)
    0 Error(s)

Time Elapsed 00:00:03.51
